type octile
height 31
width 79
map
...............................................................................
.....@@@@@@.@@@@@@.@@@@@@.@@@@@@.@@@@@@.@@@@@@.@@@@@@.@@@@@@.@@@@@@.@@@@@@.....
.....@@@@@@.@@@@@@.@@@@@@.@@@@@@.@@@@@@.@@@@@@.@@@@@@.@@@@@@.@@@@@@.@@@@@@.....
...............................................................................
.....@@@@@@.@@@@@@.@@@@@@.@@@@@@.@@@@@@.@@@@@@.@@@@@@.@@@@@@.@@@@@@.@@@@@@.....
.....@@@@@@.@@@@@@.@@@@@@.@@@@@@.@@@@@@.@@@@@@.@@@@@@.@@@@@@.@@@@@@.@@@@@@.....
...............................................................................
.....@@@@@@.@@@@@@.@@@@@@.@@@@@@.@@@@@@.@@@@@@.@@@@@@.@@@@@@.@@@@@@.@@@@@@.....
.....@@@@@@.@@@@@@.@@@@@@.@@@@@@.@@@@@@.@@@@@@.@@@@@@.@@@@@@.@@@@@@.@@@@@@.....
...............................................................................
.....@@@@@@.@@@@@@.@@@@@@.@@@@@@.@@@@@@.@@@@@@.@@@@@@.@@@@@@.@@@@@@.@@@@@@.....
.....@@@@@@.@@@@@@.@@@@@@.@@@@@@.@@@@@@.@@@@@@.@@@@@@.@@@@@@.@@@@@@.@@@@@@.....
...............................................................................
.....@@@@@@.@@@@@@.@@@@@@.@@@@@@.@@@@@@.@@@@@@.@@@@@@.@@@@@@.@@@@@@.@@@@@@.....
.....@@@@@@.@@@@@@.@@@@@@.@@@@@@.@@@@@@.@@@@@@.@@@@@@.@@@@@@.@@@@@@.@@@@@@.....
...............................................................................
.....@@@@@@.@@@@@@.@@@@@@.@@@@@@.@@@@@@.@@@@@@.@@@@@@.@@@@@@.@@@@@@.@@@@@@.....
.....@@@@@@.@@@@@@.@@@@@@.@@@@@@.@@@@@@.@@@@@@.@@@@@@.@@@@@@.@@@@@@.@@@@@@.....
...............................................................................
.....@@@@@@.@@@@@@.@@@@@@.@@@@@@.@@@@@@.@@@@@@.@@@@@@.@@@@@@.@@@@@@.@@@@@@.....
.....@@@@@@.@@@@@@.@@@@@@.@@@@@@.@@@@@@.@@@@@@.@@@@@@.@@@@@@.@@@@@@.@@@@@@.....
...............................................................................
.....@@@@@@.@@@@@@.@@@@@@.@@@@@@.@@@@@@.@@@@@@.@@@@@@.@@@@@@.@@@@@@.@@@@@@.....
.....@@@@@@.@@@@@@.@@@@@@.@@@@@@.@@@@@@.@@@@@@.@@@@@@.@@@@@@.@@@@@@.@@@@@@.....
...............................................................................
.....@@@@@@.@@@@@@.@@@@@@.@@@@@@.@@@@@@.@@@@@@.@@@@@@.@@@@@@.@@@@@@.@@@@@@.....
.....@@@@@@.@@@@@@.@@@@@@.@@@@@@.@@@@@@.@@@@@@.@@@@@@.@@@@@@.@@@@@@.@@@@@@.....
...............................................................................
.....@@@@@@.@@@@@@.@@@@@@.@@@@@@.@@@@@@.@@@@@@.@@@@@@.@@@@@@.@@@@@@.@@@@@@.....
.....@@@@@@.@@@@@@.@@@@@@.@@@@@@.@@@@@@.@@@@@@.@@@@@@.@@@@@@.@@@@@@.@@@@@@.....
...............................................................................
